// Jest Snapshot v1, https://goo.gl/fbAQLP

exports[`BitCoinProfitAnalyzer initializes correctly with no result shown 1`] = `
<div>
  <div
    className="col-md-4 m-auto"
  >
    <h1
      className="text-center"
    >
      Best Profit Calculator
    </h1>
    <hr />
    <form
      onSubmit={[Function]}
    >
      <div
        className="form-group text-left"
      >
        <label
          htmlFor="currency"
        >
          Currency
        </label>
        <div>
          <select
            className="form-control"
            id="currency"
            name="currency"
            onChange={[Function]}
            value=""
          >
            <option
              value=""
            >
              All
            </option>
            <option
              value="BTC"
            >
              BTC
            </option>
            <option
              value="ETC"
            >
              ETC
            </option>
            <option
              value="LTC"
            >
              LTC
            </option>
          </select>
        </div>
      </div>
      <div
        className="form-group text-left"
      >
        <label
          htmlFor="date"
        >
          Date
        </label>
        <input
          className="form-control"
          id="date"
          name="date"
          onChange={[Function]}
          required={true}
          type="date"
        />
      </div>
      <input
        className="btn btn-primary"
        type="submit"
      />
    </form>
    <div />
  </div>
</div>
`;
